// Jest Snapshot v1, https://goo.gl/fbAQLP

exports[`ProfileScreen Renders Explore screen correctly 1`] = `
<RCTScrollView
  style={
    {
      "paddingVertical": 20,
    }
  }
>
  <View>
    <View>
      <TextInput
        onChangeText={[Function]}
        placeholder="search"
        style={
          {
            "backgroundColor": "#ddd",
            "borderRadius": 6,
            "height": 40,
            "marginBottom": 10,
            "marginHorizontal": "5%",
            "paddingLeft": 10,
            "width": "90%",
          }
        }
        value=""
      />
    </View>
    <View
      style={
        {
          "height": 50,
          "width": "100%",
        }
      }
    />
  </View>
</RCTScrollView>
`;

exports[`ProfileScreen Renders someone else's profile correctly 1`] = `
<RCTScrollView
  style={
    {
      "paddingVertical": 20,
    }
  }
>
  <View>
    <View>
      <TextInput
        onChangeText={[Function]}
        placeholder="search"
        style={
          {
            "backgroundColor": "#ddd",
            "borderRadius": 6,
            "height": 40,
            "marginBottom": 10,
            "marginHorizontal": "5%",
            "paddingLeft": 10,
            "width": "90%",
          }
        }
        value=""
      />
    </View>
    <View
      style={
        {
          "height": 50,
          "width": "100%",
        }
      }
    />
  </View>
</RCTScrollView>
`;
