// Jest Snapshot v1, https://goo.gl/fbAQLP

exports[`ProfileScreen Renders Restaurant screen correctly 1`] = `
<View>
  <Image
    source={
      {
        "uri": "https://static.independent.co.uk/s3fs-public/thumbnails/image/2015/05/01/15/lospolloshermanos.jpg?width=1200",
      }
    }
    style={
      {
        "height": 200,
        "width": "100%",
      }
    }
  />
  <View
    style={
      {
        "paddingHorizontal": 20,
      }
    }
  >
    <Text
      style={
        {
          "fontSize": 24,
          "fontWeight": "bold",
          "marginVertical": 12,
        }
      }
    >
      Los Pollos Hermanos
    </Text>
    <View
      style={
        {
          "alignItems": "flex-start",
          "display": "flex",
          "flexDirection": "row",
          "justifyContent": "flex-start",
        }
      }
    >
      <Text>
        $
      </Text>
      <Text
        style={null}
      >
        $
      </Text>
      <Text
        style={null}
      >
        $
      </Text>
      <Text
        style={
          {
            "color": "#818181",
          }
        }
      >
        $
      </Text>
      <Text
        style={
          {
            "color": "#818181",
          }
        }
      >
        $
      </Text>
    </View>
    <Text
      style={
        {
          "marginTop": 12,
        }
      }
    >
      1515 SW 13th Street
    </Text>
    <Text>
      Gainesville, FL 32601
    </Text>
    <View
      accessibilityRole="button"
      accessible={true}
      collapsable={false}
      focusable={false}
      onClick={[Function]}
      onResponderGrant={[Function]}
      onResponderMove={[Function]}
      onResponderRelease={[Function]}
      onResponderTerminate={[Function]}
      onResponderTerminationRequest={[Function]}
      onStartShouldSetResponder={[Function]}
      style={
        {
          "opacity": 1,
        }
      }
    >
      <View
        style={
          [
            {},
          ]
        }
      >
        <Text
          style={
            [
              {
                "color": "#007AFF",
                "fontSize": 18,
                "margin": 8,
                "textAlign": "center",
              },
            ]
          }
        >
          Directions
        </Text>
      </View>
    </View>
    <Text
      style={
        {
          "marginTop": 12,
        }
      }
    >
      Fast-food chain serving Mexican-inspired fare such as tacos, quesadillas & nachos.
    </Text>
    <Text
      style={
        {
          "fontSize": 18,
          "fontWeight": "bold",
          "marginVertical": 10,
        }
      }
    >
      Reviews
    </Text>
    <Text
      style={
        {
          "display": "flex",
        }
      }
    >
      <Text
        style={
          {
            "fontSize": 18,
            "marginBottom": 10,
          }
        }
      >
        4
        <MockedFontAwesomeicons
          color="orange"
          name="star"
          size={16}
        />
      </Text>
      <Text
        style={
          {
            "color": "#444444",
            "fontSize": 12,
          }
        }
      >
         average review on Yelp
      </Text>
    </Text>
    <View
      style={
        {
          "alignItems": "center",
          "flexDirection": "row",
          "justifyContent": "center",
          "width": "100%",
        }
      }
    >
      <View
        style={
          [
            {
              "padding": 10,
            },
            {
              "flexBasis": 1,
              "flexShrink": 1,
              "minWidth": 50,
            },
          ]
        }
      >
        <Text>
          1
          <MockedFontAwesomeicons
            color="orange"
            name="star"
            size={16}
          />
        </Text>
      </View>
      <View
        style={
          [
            {
              "padding": 10,
            },
            {
              "flexBasis": 1,
              "flexGrow": 1,
            },
          ]
        }
      >
        <Text>
          It was ok.
        </Text>
      </View>
    </View>
    <View
      style={
        {
          "alignItems": "center",
          "flexDirection": "row",
          "justifyContent": "center",
          "width": "100%",
        }
      }
    >
      <View
        style={
          [
            {
              "padding": 10,
            },
            {
              "flexBasis": 1,
              "flexShrink": 1,
              "minWidth": 50,
            },
          ]
        }
      >
        <Text>
          5
          <MockedFontAwesomeicons
            color="orange"
            name="star"
            size={16}
          />
        </Text>
      </View>
      <View
        style={
          [
            {
              "padding": 10,
            },
            {
              "flexBasis": 1,
              "flexGrow": 1,
            },
          ]
        }
      >
        <Text>
          The quesalupa is good. I ordered 5 of them and they were yummy and I ate all of them.
        </Text>
      </View>
    </View>
    <View>
      <Text
        style={
          {
            "fontSize": 18,
            "fontWeight": "bold",
            "marginVertical": 10,
          }
        }
      >
        Gallery
      </Text>
      <RCTScrollView
        horizontal={true}
        style={
          {
            "display": "flex",
            "flexDirection": "row",
            "marginBottom": 6,
            "marginHorizontal": -20,
          }
        }
      >
        <View>
          <Image
            source={
              {
                "uri": "https://media-cdn.tripadvisor.com/media/photo-s/1a/11/b0/75/how-can-you-possibly.jpg",
              }
            }
            style={
              {
                "borderRadius": 2,
                "height": 100,
                "marginLeft": 20,
                "width": 100,
              }
            }
          />
          <Image
            source={
              {
                "uri": "https://www.tacobell.com/images/22965_grilled_cheese_burrito_deluxe_box_750x660.jpg",
              }
            }
            style={
              {
                "borderRadius": 2,
                "height": 100,
                "marginLeft": 20,
                "width": 100,
              }
            }
          />
          <Image
            source={
              {
                "uri": "https://www.thestreet.com/.image/t_share/MTg5MjIwNjA1Nzg1MDI0NDAz/taco-bell.jpg",
              }
            }
            style={
              {
                "borderRadius": 2,
                "height": 100,
                "marginLeft": 20,
                "width": 100,
              }
            }
          />
          <Image
            source={
              {
                "uri": "https://snworksceo.imgix.net/ufa/70fcdb5c-2000-4600-a79d-f7f43e55122c.sized-1000x1000.jpg?w=1000",
              }
            }
            style={
              {
                "borderRadius": 2,
                "height": 100,
                "marginLeft": 20,
                "width": 100,
              }
            }
          />
          <Image
            source={
              {
                "uri": "https://preview.redd.it/v0jc0zl5sli41.jpg?width=3024&format=pjpg&auto=webp&s=76f0c68e71507aa323b6a97c86eb15e1e6b34809",
              }
            }
            style={
              {
                "borderRadius": 2,
                "height": 100,
                "marginLeft": 20,
                "width": 100,
              }
            }
          />
        </View>
      </RCTScrollView>
      <View
        accessibilityRole="button"
        accessible={true}
        collapsable={false}
        focusable={true}
        onClick={[Function]}
        onResponderGrant={[Function]}
        onResponderMove={[Function]}
        onResponderRelease={[Function]}
        onResponderTerminate={[Function]}
        onResponderTerminationRequest={[Function]}
        onStartShouldSetResponder={[Function]}
        style={
          {
            "opacity": 1,
          }
        }
      >
        <View
          style={
            [
              {},
            ]
          }
        >
          <Text
            style={
              [
                {
                  "color": "#007AFF",
                  "fontSize": 18,
                  "margin": 8,
                  "textAlign": "center",
                },
              ]
            }
          >
            See all
          </Text>
        </View>
      </View>
    </View>
  </View>
</View>
`;
